// Jest Snapshot v1, https://goo.gl/fbAQLP

exports[`Label default style match snapshot 1`] = `
<span
  class="jsx-undefined label default"
/>
`;
