// Jest Snapshot v1, https://goo.gl/fbAQLP

exports[`Menu default style match snapshot 1`] = `
<ul
  class="jsx-undefined menu width-sm spacing-xxtight"
  role="menu"
/>
`;
